Title: No Use in Crying
Artist: The Rolling Stones
Album: Tattoo You
Year: 1981
Title: No Use in Crying
Artist: The Rolling Stones
Album: Tattoo You
Year: 1981
Title: Dancing Queen
Artist: ABBA
Album: Dancing Queen & That's Me
Year: 1976
Title: Dancing Queen
Artist: ABBA
Album: Dancing Queen & That's Me
Year: 1976
Error: no song found to delete
Title: Still D.R.E.
Artist: Dr. Dre ft. Snoop Dogg
Album: 2001
Year: 1999
Title: No Use in Crying
Artist: The Rolling Stones
Album: Tattoo You
Year: 1981
Title: No Use in Crying
Artist: The Rolling Stones
Album: Tattoo You
Year: 1981
Title: No Use in Crying
Artist: The Rolling Stones
Album: Tattoo You
Year: 1981
Title: SOS
Artist: 5GANG
Album: SOS
Year: 2018
Title: Globul de cristal
Artist: Vlad Dobrescu
Album: În Sfâr?it
Year: 2013
Title: Globul de cristal
Artist: Vlad Dobrescu
Album: În Sfâr?it
Year: 2013
Error: no song found to delete
Title: Highway To Hell
Artist: AC/DC
Album: Highway To Hell
Year: 1979
Error: no song found to delete
Title: Tunak Tunak Tun
Artist: Daler Mehndi
Album: Tunak Tunak Tun
Year: 1998
[Wish You Were Here; Ploaie in luna lui Marte; Tunak Tunak Tun; Satra se intoarce; Nothing Else Matters; SOS; No Use in Crying; Araboaica; Still D.R.E.; Ochi Rosii; The Next Episode; Paint It, Black; Dancing Queen; Highway To Hell; Mamma Mia]
