Error: show empty playlist
Title: Dancing Queen
Artist: ABBA
Album: Dancing Queen & That's Me
Year: 1976
Title: Child in Time
Artist: Deep Purple
Album: Deep Purple in Rock
Year: 1970
Title: Eye Of The Tiger
Artist: Survivor
Album: Eye of the Tiger
Year: 1982
Title: Scar Tissue
Artist: Red Hot Chili Peppers
Album: Californication
Year: 1999
Title: Buna dimineata
Artist: Liviu Guta
Album: Album Universal
Year: 2011
Error: no song found to delete
Title: Buna dimineata
Artist: Liviu Guta
Album: Album Universal
Year: 2011
Title: Buna dimineata
Artist: Liviu Guta
Album: Album Universal
Year: 2011
Title: Vinovatii fara vina
Artist: Pasarea Colibri
Album: Cantece de bivuac
Year: 2000
[Vinovatii fara vina; Believer; Iarba prin Par; Seasons in the Abyss; SOS; Daca vrei; Scar Tissue; Another One Bites the Dust]
