Error: no song found to delete
Title: Never Gonna Give You Up
Artist: Rick Astley
Album: Never Gonna Give You Up
Year: 1987
Error: no song found to delete
Title: Alexander The Great
Artist: Iron Maiden
Album: Somewhere in Time
Year: 1986
Title: Smooth Criminal
Artist: Michael Jackson
Album: Bad
Year: 1987
[Smooth Criminal; Alexander The Great; Chiquitita]
