Title: Another One Bites the Dust
Artist: Queen
Album: The Game
Year: 1980
Error: no song found to delete
Title: Wish You Were Here
Artist: Pink Floyd
Album: Wish You Were Here
Year: 1975
Title: Someone Like You
Artist: Adele
Album: 21
Year: 2011
Title: Nothing Else Matters
Artist: Metallica
Album: Metallica
Year: 1991
Title: Highway To Hell
Artist: AC/DC
Album: Highway To Hell
Year: 1979
Error: no song found to delete
Title: Raining Blood
Artist: Slayer
Album: Raining Blood
Year: 1986
Title: Raining Blood
Artist: Slayer
Album: Raining Blood
Year: 1986
Title: T.N.T.
Artist: AC/DC
Album: T.N.T.
Year: 1975
Title: Breaking The Law
Artist: Judas Priest
Album: British Steel
Year: 1980
Title: Ochi Rosii
Artist: CTC
Album: Dificulta?i tehnice
Year: 2005
Title: Scar Tissue
Artist: Red Hot Chili Peppers
Album: Californication
Year: 1999
Title: Smoke on the Water
Artist: Deep Purple
Album: The Collection
Year: 2016
Error: no song found to delete
Title: Edge Of A Knife
Artist: Cirith Ungol
Album: Frost and Fire
Year: 1981
Title: Someone Like You
Artist: Adele
Album: 21
Year: 2011
Title: Edge Of A Knife
Artist: Cirith Ungol
Album: Frost and Fire
Year: 1981
Title: Ochi Rosii
Artist: CTC
Album: Dificulta?i tehnice
Year: 2005
Title: Edge Of A Knife
Artist: Cirith Ungol
Album: Frost and Fire
Year: 1981
Title: Smoke on the Water
Artist: Deep Purple
Album: The Collection
Year: 2016
Title: Smoke on the Water
Artist: Deep Purple
Album: The Collection
Year: 2016
Title: T.N.T.
Artist: AC/DC
Album: T.N.T.
Year: 1975
Title: Don't Stop Me Now
Artist: Queen
Album: Jazz
Year: 1978
Title: SOS
Artist: 5GANG
Album: SOS
Year: 2018
Title: SOS
Artist: 5GANG
Album: SOS
Year: 2018
Title: Money
Artist: Pink Floyd
Album: The Dark Side of the Moon
Year: 1973
Title: Chiquitita
Artist: ABBA
Album: Voulez-Vous
Year: 1979
Title: Chiquitita
Artist: ABBA
Album: Voulez-Vous
Year: 1979
Title: Ma omoara, ma omoara
Artist: Florin Salam si Mr Juve
Album: 
Year: 2015
Title: Daca vrei
Artist: Celelalte Cuvinte
Album: Celelalte Cuvinte I
Year: 1987
Title: Ma omoara, ma omoara
Artist: Florin Salam si Mr Juve
Album: 
Year: 2015
Title: Daca vrei
Artist: Celelalte Cuvinte
Album: Celelalte Cuvinte I
Year: 1987
Error: no song found to delete
Title: Blood Red Skies
Artist: Judas Priest
Album: Ram It Down
Year: 1988
Title: Jugulator
Artist: Judas Priest
Album: Jugulator
Year: 1997
Error: no song found to delete
Title: Nu Te Mai Saturi De Noi
Artist: Suie Paparude
Album: 
Year: 2017
Title: Jugulator
Artist: Judas Priest
Album: Jugulator
Year: 1997
Title: When the Levee Breaks
Artist: Led Zeppelin
Album: Coda
Year: 1982
Error: no song found to delete
Title: Jugulator
Artist: Judas Priest
Album: Jugulator
Year: 1997
Title: Bonded By Blood
Artist: Exodus
Album: Bonded By Blood
Year: 1985
Title: Bonded By Blood
Artist: Exodus
Album: Bonded By Blood
Year: 1985
Title: Ploaie in luna lui Marte
Artist: Nicu Alifantis
Album: Piata Romana Nr. 9
Year: 1988
Title: Blue Suede Shoes
Artist: Elvis Presley
Album: Sun
Year: 1956
Title: Ploaie in luna lui Marte
Artist: Nicu Alifantis
Album: Piata Romana Nr. 9
Year: 1988
Title: No Use in Crying
Artist: The Rolling Stones
Album: Tattoo You
Year: 1981
Title: Edge Of A Knife
Artist: Cirith Ungol
Album: Frost and Fire
Year: 1981
Error: no song found to delete
Title: Another Brick in The Wall Part
Artist: Pink Floyd
Album: The Wall
Year: 1979
Error: no song found to delete
Title: All Shook Up
Artist: Elvis Presley
Album: 
Year: 1957
Title: Buna dimineata
Artist: Liviu Guta
Album: Album Universal
Year: 2011
Title: Satra se intoarce
Artist: Satra BENZ
Album: O.$.O.D. 2
Year: 2017
Title: Comfortably Numb
Artist: Pink Floyd
Album: The Wall
Year: 1979
Error: no song found to delete
Error: no song found to delete
Error: no song found to delete
Title: Mugur de fluier
Artist: Phoenix
Album: Mugur de fluier
Year: 1973
Error: no song found to delete
Title: Buna dimineata
Artist: Liviu Guta
Album: Album Universal
Year: 2011
Title: Buna dimineata
Artist: Liviu Guta
Album: Album Universal
Year: 2011
Error: no song found to delete
Error: no song found to delete
Title: Buna dimineata
Artist: Liviu Guta
Album: Album Universal
Year: 2011
Title: Buna dimineata
Artist: Liviu Guta
Album: Album Universal
Year: 2011
Title: Thriller
Artist: Michael Jackson
Album: Thriller
Year: 1982
Title: Nu Te Mai Saturi De Noi
Artist: Suie Paparude
Album: 
Year: 2017
Title: Blood Red Skies
Artist: Judas Priest
Album: Ram It Down
Year: 1988
Title: Clint Eastwood
Artist: Gorillaz
Album: Clint Eastwood
Year: 2001
Title: Edge Of A Knife
Artist: Cirith Ungol
Album: Frost and Fire
Year: 1981
Title: Edge Of A Knife
Artist: Cirith Ungol
Album: Frost and Fire
Year: 1981
Title: Billie Jean
Artist: Michael Jackson
Album: Thriller
Year: 1982
Title: Scar Tissue
Artist: Red Hot Chili Peppers
Album: Californication
Year: 1999
Title: Aces High
Artist: Iron Maiden
Album: Powerslave
Year: 1984
Title: Aces High
Artist: Iron Maiden
Album: Powerslave
Year: 1984
Title: No Use in Crying
Artist: The Rolling Stones
Album: Tattoo You
Year: 1981
Title: No Use in Crying
Artist: The Rolling Stones
Album: Tattoo You
Year: 1981
Title: Buna dimineata
Artist: Liviu Guta
Album: Album Universal
Year: 2011
Title: Ma omoara, ma omoara
Artist: Florin Salam si Mr Juve
Album: 
Year: 2015
Title: Jailhouse Rock
Artist: Elvis Presley
Album: Jailhouse Rock
Year: 1957
Title: Jailhouse Rock
Artist: Elvis Presley
Album: Jailhouse Rock
Year: 1957
Title: Armaghedon
Artist: Celelalte Cuvinte
Album: Armaghedon
Year: 1994
Title: Araboaica
Artist: Marius Babanu
Album: Best Of
Year: 2016
Title: Araboaica
Artist: Marius Babanu
Album: Best Of
Year: 2016
Title: (I Can't Get No) Satisfaction
Artist: The Rolling Stones
Album: Out of Our Heads
Year: 1965
Title: No Use in Crying
Artist: The Rolling Stones
Album: Tattoo You
Year: 1981
Title: Araboaica
Artist: Marius Babanu
Album: Best Of
Year: 2016
Title: No Use in Crying
Artist: The Rolling Stones
Album: Tattoo You
Year: 1981
Title: No Use in Crying
Artist: The Rolling Stones
Album: Tattoo You
Year: 1981
Title: Eye Of The Tiger
Artist: Survivor
Album: Eye of the Tiger
Year: 1982
Error: no song found to delete
Title: (I Can't Get No) Satisfaction
Artist: The Rolling Stones
Album: Out of Our Heads
Year: 1965
[Rege pe deal; Dragostea din tei; Armaghedon; Bonded By Blood; Clint Eastwood; Money; All Shook Up; Blood Red Skies; Thunderstruck; Spune tu, Vant; Vinovatii fara vina; Fear of The Dark; Buna dimineata; Believer; Smooth Criminal; Mergem Mai Departe; Iarba prin Par; Nu Te Mai Saturi De Noi; Thriller; Mugur de fluier; Californication; When the Levee Breaks; House of the Rising Sun; Edge Of A Knife; The Next Episode; (I Can't Get No) Satisfaction; Aces High; Ce bine ca esti!; 7 rings; Mamma Mia; Ploaie in luna lui Marte; Chiquitita; On Melancholy Hill; Child in Time; Wish You Were Here; Feel Good Inc; Hey Jude; Interzis Nefumatorilor; Dani California; Seasons in the Abyss; Someone Like You; SOS; Du Hast; Blue Suede Shoes; Comfortably Numb; Sandstorm; Papuci Gucci; Electric Eye; Ma omoara, ma omoara; Knowing Me, Knowing You; Araboaica; Breaking The Law]
