Error: no track playing
Error: show empty playlist
Error: no song found to delete
Title: No Use in Crying
Artist: The Rolling Stones
Album: Tattoo You
Year: 1981
Title: Smoke on the Water
Artist: Deep Purple
Album: The Collection
Year: 2016
Title: Smoke on the Water
Artist: Deep Purple
Album: The Collection
Year: 2016
Title: Papuci Gucci
Artist: abi
Album: 
Year: 2018
Title: Papuci Gucci
Artist: abi
Album: 
Year: 2018
Title: Raining Blood
Artist: Slayer
Album: Raining Blood
Year: 1986
Title: Smoke on the Water
Artist: Deep Purple
Album: The Collection
Year: 2016
Title: Smoke on the Water
Artist: Deep Purple
Album: The Collection
Year: 2016
Title: Smoke on the Water
Artist: Deep Purple
Album: The Collection
Year: 2016
Title: Armaghedon
Artist: Celelalte Cuvinte
Album: Armaghedon
Year: 1994
Title: (I Can't Get No) Satisfaction
Artist: The Rolling Stones
Album: Out of Our Heads
Year: 1965
Title: Another Brick in The Wall Part
Artist: Pink Floyd
Album: The Wall
Year: 1979
Title: Armaghedon
Artist: Celelalte Cuvinte
Album: Armaghedon
Year: 1994
Title: Billie Jean
Artist: Michael Jackson
Album: Thriller
Year: 1982
Title: Billie Jean
Artist: Michael Jackson
Album: Thriller
Year: 1982
Title: Alexander The Great
Artist: Iron Maiden
Album: Somewhere in Time
Year: 1986
Error: no song found to delete
Title: T.N.T.
Artist: AC/DC
Album: T.N.T.
Year: 1975
Title: T.N.T.
Artist: AC/DC
Album: T.N.T.
Year: 1975
Error: no song found to delete
Title: Ochi Rosii
Artist: CTC
Album: Dificulta?i tehnice
Year: 2005
Title: Ochi Rosii
Artist: CTC
Album: Dificulta?i tehnice
Year: 2005
Title: Chiquitita
Artist: ABBA
Album: Voulez-Vous
Year: 1979
Title: Smooth Criminal
Artist: Michael Jackson
Album: Bad
Year: 1987
Title: Mugur de fluier
Artist: Phoenix
Album: Mugur de fluier
Year: 1973
Title: Interzis Nefumatorilor
Artist: CTC
Album: Dificulta?i tehnice
Year: 2005
Title: Nothing Else Matters
Artist: Metallica
Album: Metallica
Year: 1991
Title: Nothing Else Matters
Artist: Metallica
Album: Metallica
Year: 1991
Title: A venit nebunu de Salam
Artist: Florin Salam
Album: 20 De Muzican?i
Year: 2019
Title: Buna dimineata
Artist: Liviu Guta
Album: Album Universal
Year: 2011
Title: Du Hast
Artist: Rammstein
Album: Sehnsucht
Year: 1997
Title: Don't Stop Me Now
Artist: Queen
Album: Jazz
Year: 1978
Title: Don't Stop Me Now
Artist: Queen
Album: Jazz
Year: 1978
Error: no song found to delete
Error: no song found to delete
Error: no song found to delete
Title: Araboaica
Artist: Marius Babanu
Album: Best Of
Year: 2016
Title: Alexander The Great
Artist: Iron Maiden
Album: Somewhere in Time
Year: 1986
Title: Chiquitita
Artist: ABBA
Album: Voulez-Vous
Year: 1979
Title: Don't Look Back In Anger
Artist: Oasis
Album: (What's the Story) Morning Glo
Year: 1995
Title: Dragostea din tei
Artist: O-Zone
Album: Dragostea Din Tei
Year: 2003
Title: Buna dimineata
Artist: Liviu Guta
Album: Album Universal
Year: 2011
Title: Dancing Queen
Artist: ABBA
Album: Dancing Queen & That's Me
Year: 1976
[Hey Jude; Dragostea din tei; Don't Look Back In Anger; Mergem Mai Departe; Don't Stop Me Now; Armaghedon; Fear of The Dark; Nothing Else Matters; Interzis Nefumatorilor; Raining Blood; The Trooper; Mugur de fluier; Wish You Were Here; A venit nebunu de Salam; Smooth Criminal; Papuci Gucci; Globul de cristal; Money; Angel of Death; Thunderstruck; Vinovatii fara vina; Californication; Nebunia din Mamaia; Hello; Buna dimineata; Du Hast; Chiquitita; Dancing Queen; T.N.T.]
