Title: Ma omoara, ma omoara
Artist: Florin Salam si Mr Juve
Album: 
Year: 2015
Title: Papuci Gucci
Artist: abi
Album: 
Year: 2018
Title: Powerslave
Artist: Iron Maiden
Album: Powerslave
Year: 1984
Title: Powerslave
Artist: Iron Maiden
Album: Powerslave
Year: 1984
Title: Powerslave
Artist: Iron Maiden
Album: Powerslave
Year: 1984
Title: T.N.T.
Artist: AC/DC
Album: T.N.T.
Year: 1975
Title: Sandstorm
Artist: Darude
Album: Sandstorm (The Remixes)
Year: 1999
Title: T.N.T.
Artist: AC/DC
Album: T.N.T.
Year: 1975
Title: Sandstorm
Artist: Darude
Album: Sandstorm (The Remixes)
Year: 1999
Title: Battery
Artist: Metallica
Album: Master Of Puppets
Year: 1985
Title: Breathe
Artist: Pink Floyd
Album: The Dark Side of the Moon
Year: 1973
Title: Sandstorm
Artist: Darude
Album: Sandstorm (The Remixes)
Year: 1999
Title: Sandstorm
Artist: Darude
Album: Sandstorm (The Remixes)
Year: 1999
Error: no song found to delete
Title: Thunderstruck
Artist: AC/DC
Album: The Razors Edge
Year: 1990
Title: Thunderstruck
Artist: AC/DC
Album: The Razors Edge
Year: 1990
Error: no song found to delete
Title: De Ce Plang Chitarele
Artist: O-Zone
Album: DiscO-Zone
Year: 2003
Title: Daca vrei
Artist: Celelalte Cuvinte
Album: Celelalte Cuvinte I
Year: 1987
Title: SOS
Artist: 5GANG
Album: SOS
Year: 2018
Error: no song found to delete
Error: no song found to delete
Error: no song found to delete
Title: BAG UN BLUNT
Artist: Ian x Azteca
Album: 
Year: 2018
Title: Smoke on the Water
Artist: Deep Purple
Album: The Collection
Year: 2016
Title: BAG UN BLUNT
Artist: Ian x Azteca
Album: 
Year: 2018
Title: BAG UN BLUNT
Artist: Ian x Azteca
Album: 
Year: 2018
Title: Smoke on the Water
Artist: Deep Purple
Album: The Collection
Year: 2016
Title: Alexander The Great
Artist: Iron Maiden
Album: Somewhere in Time
Year: 1986
Title: BAG UN BLUNT
Artist: Ian x Azteca
Album: 
Year: 2018
Title: Alexander The Great
Artist: Iron Maiden
Album: Somewhere in Time
Year: 1986
Title: Scar Tissue
Artist: Red Hot Chili Peppers
Album: Californication
Year: 1999
Title: Alexander The Great
Artist: Iron Maiden
Album: Somewhere in Time
Year: 1986
Error: no song found to delete
Title: House of the Rising Sun
Artist: The Animals
Album: The Animals
Year: 1964
Title: House of the Rising Sun
Artist: The Animals
Album: The Animals
Year: 1964
Title: No Reply
Artist: The Beatles
Album: Beatles for Sale
Year: 1964
Title: House of the Rising Sun
Artist: The Animals
Album: The Animals
Year: 1964
Title: Paint It, Black
Artist: The Rolling Stones
Album: Aftermath
Year: 1966
Title: Thriller
Artist: Michael Jackson
Album: Thriller
Year: 1982
Title: Rap God
Artist: Eminem
Album: The Marshall Mathers LP 2
Year: 2013
Title: Thriller
Artist: Michael Jackson
Album: Thriller
Year: 1982
Error: no song found to delete
Title: Rap God
Artist: Eminem
Album: The Marshall Mathers LP 2
Year: 2013
Title: Baby
Artist: Justin Bieber
Album: My Environment
Year: 2009
Title: Breaking The Law
Artist: Judas Priest
Album: British Steel
Year: 1980
Title: Breaking The Law
Artist: Judas Priest
Album: British Steel
Year: 1980
Title: Breaking The Law
Artist: Judas Priest
Album: British Steel
Year: 1980
Title: Baby
Artist: Justin Bieber
Album: My Environment
Year: 2009
Title: Powerslave
Artist: Iron Maiden
Album: Powerslave
Year: 1984
Title: Powerslave
Artist: Iron Maiden
Album: Powerslave
Year: 1984
Title: Jugulator
Artist: Judas Priest
Album: Jugulator
Year: 1997
Title: Seasons in the Abyss
Artist: Slayer
Album: Seasons in the Abyss
Year: 1990
Title: Ambitionz az a ridah
Artist: Tupac Shakur
Album: All Eyez on Me
Year: 1996
Title: Someone Like You
Artist: Adele
Album: 21
Year: 2011
Title: Ambitionz az a ridah
Artist: Tupac Shakur
Album: All Eyez on Me
Year: 1996
Error: no song found to delete
Title: Nothing Else Matters
Artist: Metallica
Album: Metallica
Year: 1991
Title: Knowing Me, Knowing You
Artist: ABBA
Album: Arrival
Year: 1976
Title: Knowing Me, Knowing You
Artist: ABBA
Album: Arrival
Year: 1976
Title: Comfortably Numb
Artist: Pink Floyd
Album: The Wall
Year: 1979
Title: Ce bine ca esti!
Artist: Nicu Alifantis
Album: Nichita
Year: 1996
Title: Ce bine ca esti!
Artist: Nicu Alifantis
Album: Nichita
Year: 1996
Title: Papuci Gucci
Artist: abi
Album: 
Year: 2018
Title: Mamma Mia
Artist: ABBA
Album: ABBA
Year: 1975
Title: Papuci Gucci
Artist: abi
Album: 
Year: 2018
Title: No Use in Crying
Artist: The Rolling Stones
Album: Tattoo You
Year: 1981
Title: Mestecanis
Artist: Bucovina
Album: Ceasul aducerii-aminte
Year: 2006
Title: Mestecanis
Artist: Bucovina
Album: Ceasul aducerii-aminte
Year: 2006
Title: Mestecanis
Artist: Bucovina
Album: Ceasul aducerii-aminte
Year: 2006
Title: No Use in Crying
Artist: The Rolling Stones
Album: Tattoo You
Year: 1981
Title: No Use in Crying
Artist: The Rolling Stones
Album: Tattoo You
Year: 1981
Title: Mestecanis
Artist: Bucovina
Album: Ceasul aducerii-aminte
Year: 2006
Error: no song found to delete
Title: Papuci Gucci
Artist: abi
Album: 
Year: 2018
Title: Mamma Mia
Artist: ABBA
Album: ABBA
Year: 1975
Error: no song found to delete
Title: Mamma Mia
Artist: ABBA
Album: ABBA
Year: 1975
Title: Battery
Artist: Metallica
Album: Master Of Puppets
Year: 1985
Title: SOS
Artist: 5GANG
Album: SOS
Year: 2018
Title: Mamma Mia
Artist: ABBA
Album: ABBA
Year: 1975
Title: Du Hast
Artist: Rammstein
Album: Sehnsucht
Year: 1997
Title: Radioactive
Artist: Imagine Dragons
Album: Continued Silence EP
Year: 2012
Title: Radioactive
Artist: Imagine Dragons
Album: Continued Silence EP
Year: 2012
Title: Radioactive
Artist: Imagine Dragons
Album: Continued Silence EP
Year: 2012
Title: Radioactive
Artist: Imagine Dragons
Album: Continued Silence EP
Year: 2012
Title: Eye Of The Tiger
Artist: Survivor
Album: Eye of the Tiger
Year: 1982
Error: no song found to delete
Title: Powerslave
Artist: Iron Maiden
Album: Powerslave
Year: 1984
Title: Welcome To The Jungle
Artist: Guns N' Roses
Album: Appetite for Destruction
Year: 1987
Title: Globul de cristal
Artist: Vlad Dobrescu
Album: În Sfâr?it
Year: 2013
Title: Snow
Artist: Red Hot Chili Peppers
Album: Stadium Arcadium
Year: 2006
Title: Globul de cristal
Artist: Vlad Dobrescu
Album: În Sfâr?it
Year: 2013
Title: Snow
Artist: Red Hot Chili Peppers
Album: Stadium Arcadium
Year: 2006
Title: Snow
Artist: Red Hot Chili Peppers
Album: Stadium Arcadium
Year: 2006
Title: Rap God
Artist: Eminem
Album: The Marshall Mathers LP 2
Year: 2013
Title: Powerslave
Artist: Iron Maiden
Album: Powerslave
Year: 1984
Title: Rap God
Artist: Eminem
Album: The Marshall Mathers LP 2
Year: 2013
Title: Rap God
Artist: Eminem
Album: The Marshall Mathers LP 2
Year: 2013
Title: Bonded By Blood
Artist: Exodus
Album: Bonded By Blood
Year: 1985
Title: Nebunia din Mamaia
Artist: Costel Biju
Album: 
Year: 2015
Title: Powerslave
Artist: Iron Maiden
Album: Powerslave
Year: 1984
Title: No Reply
Artist: The Beatles
Album: Beatles for Sale
Year: 1964
Title: Thunderstruck
Artist: AC/DC
Album: The Razors Edge
Year: 1990
Error: no song found to delete
Title: Globul de cristal
Artist: Vlad Dobrescu
Album: În Sfâr?it
Year: 2013
Title: Nothing Else Matters
Artist: Metallica
Album: Metallica
Year: 1991
Title: Californication
Artist: Red Hot Chili Peppers
Album: Californication
Year: 1999
Title: Child in Time
Artist: Deep Purple
Album: Deep Purple in Rock
Year: 1970
Title: The Next Episode
Artist: Dr. Dre
Album: The Last Episode
Year: 2011
Title: Corabia nebunilor
Artist: Travka
Album: Corabia nebunilor
Year: 2005
[Nebunia din Mamaia; Rap God; Mergem Mai Departe; Vinovatii fara vina; Iarba prin Par; Welcome To The Jungle; The Next Episode; Immigrant Song; Globul de cristal; Spune tu, Vant; Black Dog; Paint It, Black; Radioactive; Jugulator; Thunderstruck; 7 rings; Ochi Rosii; Du Hast; No Reply; Mamma Mia; Smoke on the Water; Bonded By Blood; No Use in Crying; Araboaica; Baby; Clint Eastwood; Daca vrei; Dani California; Interzis Nefumatorilor; De Ce Plang Chitarele; Don't Look Back In Anger; A venit nebunu de Salam; Mestecanis; Battery; Believer; Angel of Death; Nu Te Mai Saturi De Noi; Ploaia care va veni; Knowing Me, Knowing You; Another Brick in The Wall Part; Eye Of The Tiger; BAG UN BLUNT; Highway To Hell; On Melancholy Hill; Nothing Else Matters; Californication; Child in Time; Someone Like You; Powerslave; Corabia nebunilor]
