Title: All Shook Up
Artist: Elvis Presley
Album: 
Year: 1957
Title: The Next Episode
Artist: Dr. Dre
Album: The Last Episode
Year: 2011
Title: The Next Episode
Artist: Dr. Dre
Album: The Last Episode
Year: 2011
Title: All Shook Up
Artist: Elvis Presley
Album: 
Year: 1957
Title: All Shook Up
Artist: Elvis Presley
Album: 
Year: 1957
Title: Since I've Been Loving You
Artist: Led Zeppelin
Album: Led Zeppelin III
Year: 1970
Error: no song found to delete
Title: Don't Look Back In Anger
Artist: Oasis
Album: (What's the Story) Morning Glo
Year: 1995
Title: Don't Look Back In Anger
Artist: Oasis
Album: (What's the Story) Morning Glo
Year: 1995
Title: I Want It All
Artist: Queen
Album: The Miracle
Year: 1989
Title: The Next Episode
Artist: Dr. Dre
Album: The Last Episode
Year: 2011
Error: no song found to delete
Title: Don't Look Back In Anger
Artist: Oasis
Album: (What's the Story) Morning Glo
Year: 1995
Error: no song found to delete
Title: Seasons in the Abyss
Artist: Slayer
Album: Seasons in the Abyss
Year: 1990
Title: The Next Episode
Artist: Dr. Dre
Album: The Last Episode
Year: 2011
Title: Rap God
Artist: Eminem
Album: The Marshall Mathers LP 2
Year: 2013
Title: Seasons in the Abyss
Artist: Slayer
Album: Seasons in the Abyss
Year: 1990
Title: A venit nebunu de Salam
Artist: Florin Salam
Album: 20 De Muzican?i
Year: 2019
Error: no song found to delete
Title: Bonded By Blood
Artist: Exodus
Album: Bonded By Blood
Year: 1985
Title: Iarba prin Par
Artist: Celelalte Cuvinte
Album: Celelalte Cuvinte I
Year: 1987
Title: The Trooper
Artist: Iron Maiden
Album: Piece of Mind
Year: 1983
Error: no song found to delete
Title: A venit nebunu de Salam
Artist: Florin Salam
Album: 20 De Muzican?i
Year: 2019
Title: A venit nebunu de Salam
Artist: Florin Salam
Album: 20 De Muzican?i
Year: 2019
Title: Ce bine ca esti!
Artist: Nicu Alifantis
Album: Nichita
Year: 1996
Title: A venit nebunu de Salam
Artist: Florin Salam
Album: 20 De Muzican?i
Year: 2019
Title: Ma omoara, ma omoara
Artist: Florin Salam si Mr Juve
Album: 
Year: 2015
Title: Ce bine ca esti!
Artist: Nicu Alifantis
Album: Nichita
Year: 1996
Title: Baby
Artist: Justin Bieber
Album: My Environment
Year: 2009
Title: A venit nebunu de Salam
Artist: Florin Salam
Album: 20 De Muzican?i
Year: 2019
Title: Ce bine ca esti!
Artist: Nicu Alifantis
Album: Nichita
Year: 1996
Error: no song found to delete
Title: Seasons in the Abyss
Artist: Slayer
Album: Seasons in the Abyss
Year: 1990
[Papuci Gucci; Corabia nebunilor; Smooth Criminal; No Use in Crying; Baby; Ce bine ca esti!; Seasons in the Abyss; Dancing Queen; Knowing Me, Knowing You; Bonded By Blood; Jugulator; Ambitionz az a ridah; The Trooper; Buna dimineata; Dani California; Brain power; Comfortably Numb; Electric Eye; Ploaie in luna lui Marte; Immigrant Song; Believer; Battery; Breathe; Smoke on the Water; All Shook Up; Radioactive; Ma omoara, ma omoara; The Next Episode]
