Error: no song found to delete
Title: De Ce Plang Chitarele
Artist: O-Zone
Album: DiscO-Zone
Year: 2003
Title: De Ce Plang Chitarele
Artist: O-Zone
Album: DiscO-Zone
Year: 2003
Title: Feel Good Inc
Artist: Gorillaz
Album: Feel Good Inc
Year: 2005
Title: Fac bani si in Himalaya
Artist: Geany Morandi
Album: 
Year: 2016
Title: Hey Jude
Artist: The Beatles
Album: Hey Jude
Year: 1968
Title: Radioactive
Artist: Imagine Dragons
Album: Continued Silence EP
Year: 2012
Title: Vinovatii fara vina
Artist: Pasarea Colibri
Album: Cantece de bivuac
Year: 2000
Title: No Reply
Artist: The Beatles
Album: Beatles for Sale
Year: 1964
Title: Fear of The Dark
Artist: Iron Maiden
Album: Fear of The Dark
Year: 1992
Error: no song found to delete
Title: Vinovatii fara vina
Artist: Pasarea Colibri
Album: Cantece de bivuac
Year: 2000
Title: Snow
Artist: Red Hot Chili Peppers
Album: Stadium Arcadium
Year: 2006
Error: no song found to delete
[No Reply; Fear of The Dark; Radioactive; Comfortably Numb; Papuci Gucci; Hey Jude; Vinovatii fara vina; 7 rings; Sandstorm; Spune tu, Vant; Snow; Tunak Tunak Tun; Nebunia din Mamaia]
