Title: Wish You Were Here
Artist: Pink Floyd
Album: Wish You Were Here
Year: 1975
Title: Wish You Were Here
Artist: Pink Floyd
Album: Wish You Were Here
Year: 1975
Title: House of the Rising Sun
Artist: The Animals
Album: The Animals
Year: 1964
Title: Black Dog
Artist: Led Zeppelin
Album: Led Zeppelin IV
Year: 1971
Title: Iarba prin Par
Artist: Celelalte Cuvinte
Album: Celelalte Cuvinte I
Year: 1987
Title: Brain power
Artist: NOMA
Album: Brain power
Year: 2016
Title: Araboaica
Artist: Marius Babanu
Album: Best Of
Year: 2016
Error: no song found to delete
Title: Araboaica
Artist: Marius Babanu
Album: Best Of
Year: 2016
Title: Black Dog
Artist: Led Zeppelin
Album: Led Zeppelin IV
Year: 1971
Title: Araboaica
Artist: Marius Babanu
Album: Best Of
Year: 2016
Title: Edge Of A Knife
Artist: Cirith Ungol
Album: Frost and Fire
Year: 1981
Title: De Ce Plang Chitarele
Artist: O-Zone
Album: DiscO-Zone
Year: 2003
Title: A venit nebunu de Salam
Artist: Florin Salam
Album: 20 De Muzican?i
Year: 2019
Title: A venit nebunu de Salam
Artist: Florin Salam
Album: 20 De Muzican?i
Year: 2019
Error: no song found to delete
Error: no song found to delete
Title: Aces High
Artist: Iron Maiden
Album: Powerslave
Year: 1984
Error: no song found to delete
[Aces High; Brain power; Comfortably Numb; Mergem Mai Departe; Araboaica; On Melancholy Hill; A venit nebunu de Salam; No Reply; T.N.T.; Vinovatii fara vina; Thriller; Paint It, Black; Black Dog; Edge Of A Knife; Child in Time; Dani California; Someone Like You]
