Title: No Use in Crying
Artist: The Rolling Stones
Album: Tattoo You
Year: 1981
Title: Angel of Death
Artist: Slayer
Album: Reign in Blood
Year: 1986
Title: Dani California
Artist: Red Hot Chili Peppers
Album: Dani California
Year: 2006
Error: no song found to delete
Title: Californication
Artist: Red Hot Chili Peppers
Album: Californication
Year: 1999
Title: Angel of Death
Artist: Slayer
Album: Reign in Blood
Year: 1986
Title: Blue Suede Shoes
Artist: Elvis Presley
Album: Sun
Year: 1956
Title: Blue Suede Shoes
Artist: Elvis Presley
Album: Sun
Year: 1956
[Battery; Angel of Death; Another One Bites the Dust; No Use in Crying; Dani California; Bonded By Blood; Immigrant Song; Blue Suede Shoes; Breaking The Law]
