Title: Daca vrei
Artist: Celelalte Cuvinte
Album: Celelalte Cuvinte I
Year: 1987
Error: no song found to delete
Title: Mugur de fluier
Artist: Phoenix
Album: Mugur de fluier
Year: 1973
Error: no song found to delete
Title: No Use in Crying
Artist: The Rolling Stones
Album: Tattoo You
Year: 1981
Title: Eye Of The Tiger
Artist: Survivor
Album: Eye of the Tiger
Year: 1982
Title: Eye Of The Tiger
Artist: Survivor
Album: Eye of the Tiger
Year: 1982
Title: Californication
Artist: Red Hot Chili Peppers
Album: Californication
Year: 1999
Title: Eye Of The Tiger
Artist: Survivor
Album: Eye of the Tiger
Year: 1982
Title: Bonded By Blood
Artist: Exodus
Album: Bonded By Blood
Year: 1985
Title: Armaghedon
Artist: Celelalte Cuvinte
Album: Armaghedon
Year: 1994
Title: Eye Of The Tiger
Artist: Survivor
Album: Eye of the Tiger
Year: 1982
Title: Bonded By Blood
Artist: Exodus
Album: Bonded By Blood
Year: 1985
Title: Armaghedon
Artist: Celelalte Cuvinte
Album: Armaghedon
Year: 1994
Title: Thriller
Artist: Michael Jackson
Album: Thriller
Year: 1982
Title: Thriller
Artist: Michael Jackson
Album: Thriller
Year: 1982
Title: Nothing Else Matters
Artist: Metallica
Album: Metallica
Year: 1991
Title: Nothing Else Matters
Artist: Metallica
Album: Metallica
Year: 1991
Title: Another One Bites the Dust
Artist: Queen
Album: The Game
Year: 1980
Error: no song found to delete
Title: Yesterday
Artist: The Beatles
Album: Help!
Year: 1965
Error: no song found to delete
Title: Thunderstruck
Artist: AC/DC
Album: The Razors Edge
Year: 1990
Title: Papuci Gucci
Artist: abi
Album: 
Year: 2018
Title: Baby
Artist: Justin Bieber
Album: My Environment
Year: 2009
Title: Papuci Gucci
Artist: abi
Album: 
Year: 2018
Title: Rap God
Artist: Eminem
Album: The Marshall Mathers LP 2
Year: 2013
Error: no song found to delete
Title: Nothing Else Matters
Artist: Metallica
Album: Metallica
Year: 1991
Title: Papuci Gucci
Artist: abi
Album: 
Year: 2018
Title: Rap God
Artist: Eminem
Album: The Marshall Mathers LP 2
Year: 2013
Title: Don't Stop Me Now
Artist: Queen
Album: Jazz
Year: 1978
Title: Nu Te Mai Saturi De Noi
Artist: Suie Paparude
Album: 
Year: 2017
Title: Yesterday
Artist: The Beatles
Album: Help!
Year: 1965
Title: Still D.R.E.
Artist: Dr. Dre ft. Snoop Dogg
Album: 2001
Year: 1999
Title: Still D.R.E.
Artist: Dr. Dre ft. Snoop Dogg
Album: 2001
Year: 1999
Title: Another One Bites the Dust
Artist: Queen
Album: The Game
Year: 1980
Error: no song found to delete
Title: Nu Te Mai Saturi De Noi
Artist: Suie Paparude
Album: 
Year: 2017
Title: Money
Artist: Pink Floyd
Album: The Dark Side of the Moon
Year: 1973
Title: Another One Bites the Dust
Artist: Queen
Album: The Game
Year: 1980
Title: Snow
Artist: Red Hot Chili Peppers
Album: Stadium Arcadium
Year: 2006
Title: When the Levee Breaks
Artist: Led Zeppelin
Album: Coda
Year: 1982
Error: no song found to delete
Title: Never Gonna Give You Up
Artist: Rick Astley
Album: Never Gonna Give You Up
Year: 1987
Title: Seasons in the Abyss
Artist: Slayer
Album: Seasons in the Abyss
Year: 1990
Title: Money
Artist: Pink Floyd
Album: The Dark Side of the Moon
Year: 1973
Title: Money
Artist: Pink Floyd
Album: The Dark Side of the Moon
Year: 1973
Title: Nothing Else Matters
Artist: Metallica
Album: Metallica
Year: 1991
Title: Nothing Else Matters
Artist: Metallica
Album: Metallica
Year: 1991
Title: When the Levee Breaks
Artist: Led Zeppelin
Album: Coda
Year: 1982
Title: Nothing Else Matters
Artist: Metallica
Album: Metallica
Year: 1991
Title: Satra se intoarce
Artist: Satra BENZ
Album: O.$.O.D. 2
Year: 2017
Title: Money
Artist: Pink Floyd
Album: The Dark Side of the Moon
Year: 1973
Title: Satra se intoarce
Artist: Satra BENZ
Album: O.$.O.D. 2
Year: 2017
Title: Satra se intoarce
Artist: Satra BENZ
Album: O.$.O.D. 2
Year: 2017
Title: Satra se intoarce
Artist: Satra BENZ
Album: O.$.O.D. 2
Year: 2017
Title: Powerslave
Artist: Iron Maiden
Album: Powerslave
Year: 1984
Title: Powerslave
Artist: Iron Maiden
Album: Powerslave
Year: 1984
Title: Ce bine ca esti!
Artist: Nicu Alifantis
Album: Nichita
Year: 1996
Title: Feel Good Inc
Artist: Gorillaz
Album: Feel Good Inc
Year: 2005
Error: no song found to delete
Title: Powerslave
Artist: Iron Maiden
Album: Powerslave
Year: 1984
Error: no song found to delete
Title: Thunderstruck
Artist: AC/DC
Album: The Razors Edge
Year: 1990
Title: Seasons in the Abyss
Artist: Slayer
Album: Seasons in the Abyss
Year: 1990
Title: Thunderstruck
Artist: AC/DC
Album: The Razors Edge
Year: 1990
Error: no song found to delete
Title: Thunderstruck
Artist: AC/DC
Album: The Razors Edge
Year: 1990
[Believer; Interzis Nefumatorilor; Blue Suede Shoes; Mugur de fluier; On Melancholy Hill; Globul de cristal; Snow; Araboaica; All Shook Up; A venit nebunu de Salam; Dancing Queen; Never Gonna Give You Up; Corabia nebunilor; Spune tu, Vant; Under The Bridge; Another One Bites the Dust; Scar Tissue; T.N.T.; Alexander The Great; Don't Stop Me Now; Rap God; Don't Look Back In Anger; Tunak Tunak Tun; Ochi Rosii; Du Hast; Baby; Since I've Been Loving You; Comfortably Numb; Highway To Hell; Buna dimineata; Mestecanis; Ma omoara, ma omoara; 7 rings; Electric Eye; Nu Te Mai Saturi De Noi; Yesterday; Hello; When the Levee Breaks; Thriller; SOS; Ce bine ca esti!; Thunderstruck]
