Error: no song found to delete
Title: Smooth Criminal
Artist: Michael Jackson
Album: Bad
Year: 1987
Title: Smooth Criminal
Artist: Michael Jackson
Album: Bad
Year: 1987
Title: Smooth Criminal
Artist: Michael Jackson
Album: Bad
Year: 1987
Title: Smooth Criminal
Artist: Michael Jackson
Album: Bad
Year: 1987
Error: no song found to delete
Title: Snow
Artist: Red Hot Chili Peppers
Album: Stadium Arcadium
Year: 2006
Error: no track playing
Error: show empty playlist
Error: no track playing
Title: Iarba prin Par
Artist: Celelalte Cuvinte
Album: Celelalte Cuvinte I
Year: 1987
Title: Someone Like You
Artist: Adele
Album: 21
Year: 2011
Title: Someone Like You
Artist: Adele
Album: 21
Year: 2011
[Eye Of The Tiger; Seasons in the Abyss; Believer; The Trooper; Paint It, Black; Battery; Mugur de fluier; Iarba prin Par; Welcome To The Jungle; Fear of The Dark; Another One Bites the Dust; T.N.T.; Ploaia care va veni]
