Title: Welcome To The Jungle
Artist: Guns N' Roses
Album: Appetite for Destruction
Year: 1987
Title: Globul de cristal
Artist: Vlad Dobrescu
Album: În Sfâr?it
Year: 2013
Title: Globul de cristal
Artist: Vlad Dobrescu
Album: În Sfâr?it
Year: 2013
Error: no song found to delete
Error: no song found to delete
Error: no song found to delete
Title: Angel of Death
Artist: Slayer
Album: Reign in Blood
Year: 1986
Error: no song found to delete
Error: no song found to delete
Title: Mestecanis
Artist: Bucovina
Album: Ceasul aducerii-aminte
Year: 2006
Title: Angel of Death
Artist: Slayer
Album: Reign in Blood
Year: 1986
Title: Angel of Death
Artist: Slayer
Album: Reign in Blood
Year: 1986
Title: Angel of Death
Artist: Slayer
Album: Reign in Blood
Year: 1986
Error: no song found to delete
Title: Ploaia care va veni
Artist: Pasarea Colibri
Album: Ciripituri
Year: 1996
Title: Mugur de fluier
Artist: Phoenix
Album: Mugur de fluier
Year: 1973
Title: (I Can't Get No) Satisfaction
Artist: The Rolling Stones
Album: Out of Our Heads
Year: 1965
Title: Immigrant Song
Artist: Led Zeppelin
Album: Led Zeppelin III
Year: 1970
Title: Another Brick in The Wall Part
Artist: Pink Floyd
Album: The Wall
Year: 1979
Title: Wish You Were Here
Artist: Pink Floyd
Album: Wish You Were Here
Year: 1975
Title: Snow
Artist: Red Hot Chili Peppers
Album: Stadium Arcadium
Year: 2006
Title: Armaghedon
Artist: Celelalte Cuvinte
Album: Armaghedon
Year: 1994
Title: Armaghedon
Artist: Celelalte Cuvinte
Album: Armaghedon
Year: 1994
Error: no song found to delete
Title: Araboaica
Artist: Marius Babanu
Album: Best Of
Year: 2016
Error: no song found to delete
Title: Araboaica
Artist: Marius Babanu
Album: Best Of
Year: 2016
[Believer; '84-'85; Still D.R.E.; Welcome To The Jungle; Highway To Hell; Immigrant Song; Another Brick in The Wall Part; Edge Of A Knife; Mugur de fluier; Scar Tissue; Ambitionz az a ridah; Electric Eye; Daca vrei; Buna dimineata; Californication; Don't Look Back In Anger; (I Can't Get No) Satisfaction; House of the Rising Sun; Fear of The Dark; Baby; Armaghedon; Araboaica; Wish You Were Here]
