Error: no song found to delete
Title: BAG UN BLUNT
Artist: Ian x Azteca
Album: 
Year: 2018
Title: Ochi Rosii
Artist: CTC
Album: Dificulta?i tehnice
Year: 2005
Title: Ce bine ca esti!
Artist: Nicu Alifantis
Album: Nichita
Year: 1996
Title: Ce bine ca esti!
Artist: Nicu Alifantis
Album: Nichita
Year: 1996
Title: De Ce Plang Chitarele
Artist: O-Zone
Album: DiscO-Zone
Year: 2003
Error: no song found to delete
Error: no song found to delete
Title: Nothing Else Matters
Artist: Metallica
Album: Metallica
Year: 1991
Title: Nothing Else Matters
Artist: Metallica
Album: Metallica
Year: 1991
Title: Eye Of The Tiger
Artist: Survivor
Album: Eye of the Tiger
Year: 1982
Title: Thriller
Artist: Michael Jackson
Album: Thriller
Year: 1982
Title: All Shook Up
Artist: Elvis Presley
Album: 
Year: 1957
Title: Thriller
Artist: Michael Jackson
Album: Thriller
Year: 1982
Error: no song found to delete
Title: All Shook Up
Artist: Elvis Presley
Album: 
Year: 1957
Title: Nothing Else Matters
Artist: Metallica
Album: Metallica
Year: 1991
Title: All Shook Up
Artist: Elvis Presley
Album: 
Year: 1957
Title: All Shook Up
Artist: Elvis Presley
Album: 
Year: 1957
Title: All Shook Up
Artist: Elvis Presley
Album: 
Year: 1957
Title: Ma omoara, ma omoara
Artist: Florin Salam si Mr Juve
Album: 
Year: 2015
[Nothing Else Matters; 7 rings; Smooth Criminal; Ce bine ca esti!; Rap God; Armaghedon; Someone Like You; Seasons in the Abyss; Feel Good Inc; Baby; Fac bani si in Himalaya; Black Dog; Globul de cristal; Californication; BAG UN BLUNT; De Ce Plang Chitarele; Comfortably Numb; Eye Of The Tiger; All Shook Up; Nu Te Mai Saturi De Noi]
