Title: Knowing Me, Knowing You
Artist: ABBA
Album: Arrival
Year: 1976
Title: Knowing Me, Knowing You
Artist: ABBA
Album: Arrival
Year: 1976
Title: Knowing Me, Knowing You
Artist: ABBA
Album: Arrival
Year: 1976
Error: no song found to delete
Title: Don't Stop Me Now
Artist: Queen
Album: Jazz
Year: 1978
Title: Dani California
Artist: Red Hot Chili Peppers
Album: Dani California
Year: 2006
[Don't Look Back In Anger; Don't Stop Me Now; Since I've Been Loving You; When the Levee Breaks; Raining Blood; Dani California]
